// Jest Snapshot v1, https://goo.gl/fbAQLP

exports[`Lambda returns lambda functions 1`] = `
Object {
  "Parameters": Any<Object>,
  "Resources": Object {
    "collectFunctionF1DD4A0C": Object {
      "DependsOn": Array [
        "collectFunctionServiceRoleBD487856",
      ],
      "Properties": Object {
        "Architectures": Array [
          "arm64",
        ],
        "Code": Any<Object>,
        "Environment": Object {
          "Variables": Object {
            "AWS_NODEJS_CONNECTION_REUSE_ENABLED": "1",
          },
        },
        "FunctionName": "collect",
        "Handler": "index.handler",
        "Role": Object {
          "Fn::GetAtt": Array [
            "collectFunctionServiceRoleBD487856",
            "Arn",
          ],
        },
        "Runtime": "nodejs14.x",
        "Timeout": 60,
      },
      "Type": "AWS::Lambda::Function",
    },
    "collectFunctionServiceRoleBD487856": Object {
      "Properties": Object {
        "AssumeRolePolicyDocument": Object {
          "Statement": Array [
            Object {
              "Action": "sts:AssumeRole",
              "Effect": "Allow",
              "Principal": Object {
                "Service": "lambda.amazonaws.com",
              },
            },
          ],
          "Version": "2012-10-17",
        },
        "ManagedPolicyArns": Array [
          Object {
            "Fn::Join": Array [
              "",
              Array [
                "arn:",
                Object {
                  "Ref": "AWS::Partition",
                },
                ":iam::aws:policy/service-role/AWSLambdaBasicExecutionRole",
              ],
            ],
          },
        ],
      },
      "Type": "AWS::IAM::Role",
    },
    "collectionFailureFunction682979FB": Object {
      "DependsOn": Array [
        "collectionFailureFunctionServiceRole662CE2FF",
      ],
      "Properties": Object {
        "Architectures": Array [
          "arm64",
        ],
        "Code": Any<Object>,
        "Environment": Object {
          "Variables": Object {
            "AWS_NODEJS_CONNECTION_REUSE_ENABLED": "1",
          },
        },
        "FunctionName": "collectionFailure",
        "Handler": "index.handler",
        "Role": Object {
          "Fn::GetAtt": Array [
            "collectionFailureFunctionServiceRole662CE2FF",
            "Arn",
          ],
        },
        "Runtime": "nodejs14.x",
        "Timeout": 60,
      },
      "Type": "AWS::Lambda::Function",
    },
    "collectionFailureFunctionServiceRole662CE2FF": Object {
      "Properties": Object {
        "AssumeRolePolicyDocument": Object {
          "Statement": Array [
            Object {
              "Action": "sts:AssumeRole",
              "Effect": "Allow",
              "Principal": Object {
                "Service": "lambda.amazonaws.com",
              },
            },
          ],
          "Version": "2012-10-17",
        },
        "ManagedPolicyArns": Array [
          Object {
            "Fn::Join": Array [
              "",
              Array [
                "arn:",
                Object {
                  "Ref": "AWS::Partition",
                },
                ":iam::aws:policy/service-role/AWSLambdaBasicExecutionRole",
              ],
            ],
          },
        ],
      },
      "Type": "AWS::IAM::Role",
    },
    "collectionSuccessFunction5C4E05C2": Object {
      "DependsOn": Array [
        "collectionSuccessFunctionServiceRole727C0164",
      ],
      "Properties": Object {
        "Architectures": Array [
          "arm64",
        ],
        "Code": Any<Object>,
        "Environment": Object {
          "Variables": Object {
            "AWS_NODEJS_CONNECTION_REUSE_ENABLED": "1",
          },
        },
        "FunctionName": "collectionSuccess",
        "Handler": "index.handler",
        "Role": Object {
          "Fn::GetAtt": Array [
            "collectionSuccessFunctionServiceRole727C0164",
            "Arn",
          ],
        },
        "Runtime": "nodejs14.x",
        "Timeout": 60,
      },
      "Type": "AWS::Lambda::Function",
    },
    "collectionSuccessFunctionServiceRole727C0164": Object {
      "Properties": Object {
        "AssumeRolePolicyDocument": Object {
          "Statement": Array [
            Object {
              "Action": "sts:AssumeRole",
              "Effect": "Allow",
              "Principal": Object {
                "Service": "lambda.amazonaws.com",
              },
            },
          ],
          "Version": "2012-10-17",
        },
        "ManagedPolicyArns": Array [
          Object {
            "Fn::Join": Array [
              "",
              Array [
                "arn:",
                Object {
                  "Ref": "AWS::Partition",
                },
                ":iam::aws:policy/service-role/AWSLambdaBasicExecutionRole",
              ],
            ],
          },
        ],
      },
      "Type": "AWS::IAM::Role",
    },
    "openCollectionFunctionAD7A9939": Object {
      "DependsOn": Array [
        "openCollectionFunctionServiceRole5D634737",
      ],
      "Properties": Object {
        "Architectures": Array [
          "arm64",
        ],
        "Code": Any<Object>,
        "Environment": Object {
          "Variables": Object {
            "AWS_NODEJS_CONNECTION_REUSE_ENABLED": "1",
          },
        },
        "FunctionName": "openCollection",
        "Handler": "index.handler",
        "Role": Object {
          "Fn::GetAtt": Array [
            "openCollectionFunctionServiceRole5D634737",
            "Arn",
          ],
        },
        "Runtime": "nodejs14.x",
        "Timeout": 60,
      },
      "Type": "AWS::Lambda::Function",
    },
    "openCollectionFunctionServiceRole5D634737": Object {
      "Properties": Object {
        "AssumeRolePolicyDocument": Object {
          "Statement": Array [
            Object {
              "Action": "sts:AssumeRole",
              "Effect": "Allow",
              "Principal": Object {
                "Service": "lambda.amazonaws.com",
              },
            },
          ],
          "Version": "2012-10-17",
        },
        "ManagedPolicyArns": Array [
          Object {
            "Fn::Join": Array [
              "",
              Array [
                "arn:",
                Object {
                  "Ref": "AWS::Partition",
                },
                ":iam::aws:policy/service-role/AWSLambdaBasicExecutionRole",
              ],
            ],
          },
        ],
      },
      "Type": "AWS::IAM::Role",
    },
    "paymentFailureFunction2E4A54C2": Object {
      "DependsOn": Array [
        "paymentFailureFunctionServiceRole7EB3B3AA",
      ],
      "Properties": Object {
        "Architectures": Array [
          "arm64",
        ],
        "Code": Any<Object>,
        "Environment": Object {
          "Variables": Object {
            "AWS_NODEJS_CONNECTION_REUSE_ENABLED": "1",
          },
        },
        "FunctionName": "paymentFailure",
        "Handler": "index.handler",
        "Role": Object {
          "Fn::GetAtt": Array [
            "paymentFailureFunctionServiceRole7EB3B3AA",
            "Arn",
          ],
        },
        "Runtime": "nodejs14.x",
        "Timeout": 60,
      },
      "Type": "AWS::Lambda::Function",
    },
    "paymentFailureFunctionServiceRole7EB3B3AA": Object {
      "Properties": Object {
        "AssumeRolePolicyDocument": Object {
          "Statement": Array [
            Object {
              "Action": "sts:AssumeRole",
              "Effect": "Allow",
              "Principal": Object {
                "Service": "lambda.amazonaws.com",
              },
            },
          ],
          "Version": "2012-10-17",
        },
        "ManagedPolicyArns": Array [
          Object {
            "Fn::Join": Array [
              "",
              Array [
                "arn:",
                Object {
                  "Ref": "AWS::Partition",
                },
                ":iam::aws:policy/service-role/AWSLambdaBasicExecutionRole",
              ],
            ],
          },
        ],
      },
      "Type": "AWS::IAM::Role",
    },
    "paymentSuccessFunction82B44889": Object {
      "DependsOn": Array [
        "paymentSuccessFunctionServiceRole417E5467",
      ],
      "Properties": Object {
        "Architectures": Array [
          "arm64",
        ],
        "Code": Any<Object>,
        "Environment": Object {
          "Variables": Object {
            "AWS_NODEJS_CONNECTION_REUSE_ENABLED": "1",
          },
        },
        "FunctionName": "paymentSuccess",
        "Handler": "index.handler",
        "Role": Object {
          "Fn::GetAtt": Array [
            "paymentSuccessFunctionServiceRole417E5467",
            "Arn",
          ],
        },
        "Runtime": "nodejs14.x",
        "Timeout": 60,
      },
      "Type": "AWS::Lambda::Function",
    },
    "paymentSuccessFunctionServiceRole417E5467": Object {
      "Properties": Object {
        "AssumeRolePolicyDocument": Object {
          "Statement": Array [
            Object {
              "Action": "sts:AssumeRole",
              "Effect": "Allow",
              "Principal": Object {
                "Service": "lambda.amazonaws.com",
              },
            },
          ],
          "Version": "2012-10-17",
        },
        "ManagedPolicyArns": Array [
          Object {
            "Fn::Join": Array [
              "",
              Array [
                "arn:",
                Object {
                  "Ref": "AWS::Partition",
                },
                ":iam::aws:policy/service-role/AWSLambdaBasicExecutionRole",
              ],
            ],
          },
        ],
      },
      "Type": "AWS::IAM::Role",
    },
  },
  "Rules": Object {
    "CheckBootstrapVersion": Object {
      "Assertions": Array [
        Object {
          "Assert": Object {
            "Fn::Not": Array [
              Object {
                "Fn::Contains": Array [
                  Array [
                    "1",
                    "2",
                    "3",
                    "4",
                    "5",
                  ],
                  Object {
                    "Ref": "BootstrapVersion",
                  },
                ],
              },
            ],
          },
          "AssertDescription": "CDK bootstrap stack version 6 required. Please run 'cdk bootstrap' with a recent version of the CDK CLI.",
        },
      ],
    },
  },
}
`;
